---
source: probe-rs-tools/src/bin/probe-rs/cmd/dap_server/debug_adapter/codec/decoder.rs
expression: result
---
Ok(
    Some(
        Frame {
            content: Object {
                "command": String("test"),
                "seq": Number(3),
                "type": String("request"),
            },
        },
    ),
)
